Archive member included because of file (symbol)

c:/programme/winavr-20071221/bin/../lib/gcc/avr/4.2.2/avr4\libgcc.a(_exit.o)
                              c:/programme/winavr-20071221/bin/../lib/gcc/avr/4.2.2/../../../../avr/lib/avr4/crtm8.o (exit)
c:/programme/winavr-20071221/bin/../lib/gcc/avr/4.2.2/avr4\libgcc.a(_copy_data.o)
                              myAVR-RC5-2-EIBencoder.o (__do_copy_data)
c:/programme/winavr-20071221/bin/../lib/gcc/avr/4.2.2/avr4\libgcc.a(_clear_bss.o)
                              myAVR-RC5-2-EIBencoder.o (__do_clear_bss)

Allocating common symbols
Common symbol       size              file

RxMsgLength         0x2               myAVR-RC5-2-EIBencoder.o
wGroupAddr          0x2               myAVR-RC5-2-EIBencoder.o
wValue              0x2               myAVR-RC5-2-EIBencoder.o
repeat_counter      0x1               myAVR-RC5-2-EIBencoder.o
byDataLen           0x1               myAVR-RC5-2-EIBencoder.o
nA                  0x2               myAVR-RC5-2-EIBencoder.o
RxCount             0x2               myAVR-RC5-2-EIBencoder.o
pause_ticks         0x2               myAVR-RC5-2-EIBencoder.o
rc5_data            0x2               myAVR-RC5-2-EIBencoder.o
rc5_data_old        0x2               myAVR-RC5-2-EIBencoder.o
TxMsgLength         0x2               myAVR-RC5-2-EIBencoder.o
wMsgCode            0x2               myAVR-RC5-2-EIBencoder.o
rc5_time            0x1               myAVR-RC5-2-EIBencoder.o
nB                  0x2               myAVR-RC5-2-EIBencoder.o
cRxBuf              0x20              myAVR-RC5-2-EIBencoder.o
rc5_tmp             0x2               myAVR-RC5-2-EIBencoder.o
s                   0x1e              myAVR-RC5-2-EIBencoder.o
nC                  0x2               myAVR-RC5-2-EIBencoder.o
rc5_pause           0x1               myAVR-RC5-2-EIBencoder.o
wCmdCode            0x2               myAVR-RC5-2-EIBencoder.o
rc5_bit             0x1               myAVR-RC5-2-EIBencoder.o

Memory Configuration

Name             Origin             Length             Attributes
text             0x00000000         0x00002000         xr
data             0x00800060         0x0000ffa0         rw !x
eeprom           0x00810000         0x00010000         rw !x
fuse             0x00820000         0x00000400         rw !x
lock             0x00830000         0x00000400         rw !x
signature        0x00840000         0x00000400         rw !x
*default*        0x00000000         0xffffffff

Linker script and memory map

LOAD c:/programme/winavr-20071221/bin/../lib/gcc/avr/4.2.2/../../../../avr/lib/avr4/crtm8.o
LOAD myAVR-RC5-2-EIBencoder.o
LOAD lcd.o
LOAD c:/programme/winavr-20071221/bin/../lib/gcc/avr/4.2.2/avr4\libgcc.a
LOAD c:/programme/winavr-20071221/bin/../lib/gcc/avr/4.2.2/../../../../avr/lib/avr4\libc.a
LOAD c:/programme/winavr-20071221/bin/../lib/gcc/avr/4.2.2/avr4\libgcc.a

.hash
 *(.hash)

.dynsym
 *(.dynsym)

.dynstr
 *(.dynstr)

.gnu.version
 *(.gnu.version)

.gnu.version_d
 *(.gnu.version_d)

.gnu.version_r
 *(.gnu.version_r)

.rel.init
 *(.rel.init)

.rela.init
 *(.rela.init)

.rel.text
 *(.rel.text)
 *(.rel.text.*)
 *(.rel.gnu.linkonce.t*)

.rela.text
 *(.rela.text)
 *(.rela.text.*)
 *(.rela.gnu.linkonce.t*)

.rel.fini
 *(.rel.fini)

.rela.fini
 *(.rela.fini)

.rel.rodata
 *(.rel.rodata)
 *(.rel.rodata.*)
 *(.rel.gnu.linkonce.r*)

.rela.rodata
 *(.rela.rodata)
 *(.rela.rodata.*)
 *(.rela.gnu.linkonce.r*)

.rel.data
 *(.rel.data)
 *(.rel.data.*)
 *(.rel.gnu.linkonce.d*)

.rela.data
 *(.rela.data)
 *(.rela.data.*)
 *(.rela.gnu.linkonce.d*)

.rel.ctors
 *(.rel.ctors)

.rela.ctors
 *(.rela.ctors)

.rel.dtors
 *(.rel.dtors)

.rela.dtors
 *(.rela.dtors)

.rel.got
 *(.rel.got)

.rela.got
 *(.rela.got)

.rel.bss
 *(.rel.bss)

.rela.bss
 *(.rela.bss)

.rel.plt
 *(.rel.plt)

.rela.plt
 *(.rela.plt)

.text           0x00000000      0x960
 *(.vectors)
 .vectors       0x00000000       0x26 c:/programme/winavr-20071221/bin/../lib/gcc/avr/4.2.2/../../../../avr/lib/avr4/crtm8.o
                0x00000000                __vectors
                0x00000000                __vector_default
 *(.vectors)
 *(.progmem.gcc*)
 *(.progmem*)
                0x00000026                . = ALIGN (0x2)
                0x00000026                __trampolines_start = .
 *(.trampolines)
 .trampolines   0x00000026        0x0 linker stubs
 *(.trampolines*)
                0x00000026                __trampolines_end = .
 *(.jumptables)
 *(.jumptables*)
 *(.lowtext)
 *(.lowtext*)
                0x00000026                __ctors_start = .
 *(.ctors)
                0x00000026                __ctors_end = .
                0x00000026                __dtors_start = .
 *(.dtors)
                0x00000026                __dtors_end = .
 SORT(*)(.ctors)
 SORT(*)(.dtors)
 *(.init0)
 .init0         0x00000026        0x0 c:/programme/winavr-20071221/bin/../lib/gcc/avr/4.2.2/../../../../avr/lib/avr4/crtm8.o
                0x00000026                __init
 *(.init0)
 *(.init1)
 *(.init1)
 *(.init2)
 .init2         0x00000026        0xc c:/programme/winavr-20071221/bin/../lib/gcc/avr/4.2.2/../../../../avr/lib/avr4/crtm8.o
 *(.init2)
 *(.init3)
 *(.init3)
 *(.init4)
 .init4         0x00000032       0x16 c:/programme/winavr-20071221/bin/../lib/gcc/avr/4.2.2/avr4\libgcc.a(_copy_data.o)
                0x00000032                __do_copy_data
 .init4         0x00000048       0x10 c:/programme/winavr-20071221/bin/../lib/gcc/avr/4.2.2/avr4\libgcc.a(_clear_bss.o)
                0x00000048                __do_clear_bss
 *(.init4)
 *(.init5)
 *(.init5)
 *(.init6)
 *(.init6)
 *(.init7)
 *(.init7)
 *(.init8)
 *(.init8)
 *(.init9)
 .init9         0x00000058        0x4 c:/programme/winavr-20071221/bin/../lib/gcc/avr/4.2.2/../../../../avr/lib/avr4/crtm8.o
 *(.init9)
 *(.text)
 .text          0x0000005c        0x2 c:/programme/winavr-20071221/bin/../lib/gcc/avr/4.2.2/../../../../avr/lib/avr4/crtm8.o
                0x0000005c                __vector_1
                0x0000005c                __vector_12
                0x0000005c                __bad_interrupt
                0x0000005c                __vector_6
                0x0000005c                __vector_3
                0x0000005c                __vector_13
                0x0000005c                __vector_17
                0x0000005c                __vector_7
                0x0000005c                __vector_5
                0x0000005c                __vector_4
                0x0000005c                __vector_2
                0x0000005c                __vector_15
                0x0000005c                __vector_8
                0x0000005c                __vector_14
                0x0000005c                __vector_10
                0x0000005c                __vector_16
                0x0000005c                __vector_18
 .text          0x0000005e      0x740 myAVR-RC5-2-EIBencoder.o
                0x0000046a                initUSART
                0x00000794                SendAck
                0x00000192                SendFTmsg
                0x00000328                do_cmd
                0x00000176                uart_put_n
                0x0000063e                __vector_11
                0x000004c8                DecodeEIBmsg
                0x0000016e                usart_putc
                0x0000073a                main
                0x0000005e                __vector_9
                0x000002ca                OnSendEIB
                0x00000484                initBCU
 .text          0x0000079e      0x1c0 lcd.o
                0x00000876                lcd_data
                0x00000886                lcd_gotoxy
                0x000008a6                lcd_putc
                0x000008a0                lcd_home
                0x0000089a                lcd_clrscr
                0x00000894                lcd_getxy
                0x000008ca                lcd_puts
                0x000008e0                lcd_puts_p
                0x000008fa                lcd_init
                0x00000866                lcd_command
 .text          0x0000095e        0x0 c:/programme/winavr-20071221/bin/../lib/gcc/avr/4.2.2/avr4\libgcc.a(_exit.o)
 .text          0x0000095e        0x0 c:/programme/winavr-20071221/bin/../lib/gcc/avr/4.2.2/avr4\libgcc.a(_copy_data.o)
 .text          0x0000095e        0x0 c:/programme/winavr-20071221/bin/../lib/gcc/avr/4.2.2/avr4\libgcc.a(_clear_bss.o)
                0x0000095e                . = ALIGN (0x2)
 *(.text.*)
 .text.libgcc   0x0000095e        0x0 c:/programme/winavr-20071221/bin/../lib/gcc/avr/4.2.2/avr4\libgcc.a(_exit.o)
 .text.libgcc   0x0000095e        0x0 c:/programme/winavr-20071221/bin/../lib/gcc/avr/4.2.2/avr4\libgcc.a(_copy_data.o)
 .text.libgcc   0x0000095e        0x0 c:/programme/winavr-20071221/bin/../lib/gcc/avr/4.2.2/avr4\libgcc.a(_clear_bss.o)
                0x0000095e                . = ALIGN (0x2)
 *(.fini9)
 .fini9         0x0000095e        0x0 c:/programme/winavr-20071221/bin/../lib/gcc/avr/4.2.2/avr4\libgcc.a(_exit.o)
                0x0000095e                exit
                0x0000095e                _exit
 *(.fini9)
 *(.fini8)
 *(.fini8)
 *(.fini7)
 *(.fini7)
 *(.fini6)
 *(.fini6)
 *(.fini5)
 *(.fini5)
 *(.fini4)
 *(.fini4)
 *(.fini3)
 *(.fini3)
 *(.fini2)
 *(.fini2)
 *(.fini1)
 *(.fini1)
 *(.fini0)
 .fini0         0x0000095e        0x2 c:/programme/winavr-20071221/bin/../lib/gcc/avr/4.2.2/avr4\libgcc.a(_exit.o)
 *(.fini0)
                0x00000960                _etext = .

.data           0x00800060      0x192 load address 0x00000960
                0x00800060                PROVIDE (__data_start, .)
 *(.data)
 .data          0x00800060        0x0 c:/programme/winavr-20071221/bin/../lib/gcc/avr/4.2.2/../../../../avr/lib/avr4/crtm8.o
 .data          0x00800060      0x192 myAVR-RC5-2-EIBencoder.o
                0x0080015c                byFCB
                0x008001b2                short_cmd
                0x00800060                EIBdecodeTable
                0x00800190                long_sendGA
                0x008001c3                long_cmd
                0x0080015d                keys
                0x0080016e                short_sendGA
 .data          0x008001f2        0x0 lcd.o
 .data          0x008001f2        0x0 c:/programme/winavr-20071221/bin/../lib/gcc/avr/4.2.2/avr4\libgcc.a(_exit.o)
 .data          0x008001f2        0x0 c:/programme/winavr-20071221/bin/../lib/gcc/avr/4.2.2/avr4\libgcc.a(_copy_data.o)
 .data          0x008001f2        0x0 c:/programme/winavr-20071221/bin/../lib/gcc/avr/4.2.2/avr4\libgcc.a(_clear_bss.o)
 *(.data*)
 *(.rodata)
 *(.rodata*)
 *(.gnu.linkonce.d*)
                0x008001f2                . = ALIGN (0x2)
                0x008001f2                _edata = .
                0x008001f2                PROVIDE (__data_end, .)

.bss            0x008001f2       0x63 load address 0x00000af2
                0x008001f2                PROVIDE (__bss_start, .)
 *(.bss)
 .bss           0x008001f2        0x0 c:/programme/winavr-20071221/bin/../lib/gcc/avr/4.2.2/../../../../avr/lib/avr4/crtm8.o
 .bss           0x008001f2        0x4 myAVR-RC5-2-EIBencoder.o
                0x008001f3                bInitBCU
                0x008001f5                bvalidRead
                0x008001f4                bvalidMsg
                0x008001f2                bAckFlag
 .bss           0x008001f6        0x0 lcd.o
 .bss           0x008001f6        0x0 c:/programme/winavr-20071221/bin/../lib/gcc/avr/4.2.2/avr4\libgcc.a(_exit.o)
 .bss           0x008001f6        0x0 c:/programme/winavr-20071221/bin/../lib/gcc/avr/4.2.2/avr4\libgcc.a(_copy_data.o)
 .bss           0x008001f6        0x0 c:/programme/winavr-20071221/bin/../lib/gcc/avr/4.2.2/avr4\libgcc.a(_clear_bss.o)
 *(.bss*)
 *(COMMON)
 COMMON         0x008001f6       0x5f myAVR-RC5-2-EIBencoder.o
                0x008001f6                RxMsgLength
                0x008001f8                wGroupAddr
                0x008001fa                wValue
                0x008001fc                repeat_counter
                0x008001fd                byDataLen
                0x008001fe                nA
                0x00800200                RxCount
                0x00800202                pause_ticks
                0x00800204                rc5_data
                0x00800206                rc5_data_old
                0x00800208                TxMsgLength
                0x0080020a                wMsgCode
                0x0080020c                rc5_time
                0x0080020d                nB
                0x0080020f                cRxBuf
                0x0080022f                rc5_tmp
                0x00800231                s
                0x0080024f                nC
                0x00800251                rc5_pause
                0x00800252                wCmdCode
                0x00800254                rc5_bit
                0x00800255                PROVIDE (__bss_end, .)
                0x00000960                __data_load_start = LOADADDR (.data)
                0x00000af2                __data_load_end = (__data_load_start + SIZEOF (.data))

.noinit         0x00800255        0x0
                0x00800255                PROVIDE (__noinit_start, .)
 *(.noinit*)
                0x00800255                PROVIDE (__noinit_end, .)
                0x00800255                _end = .
                0x00800255                PROVIDE (__heap_start, .)

.eeprom         0x00810000        0x0
 *(.eeprom*)
                0x00810000                __eeprom_end = .

.fuse
 *(.fuse)
 *(.lfuse)
 *(.hfuse)
 *(.efuse)

.lock
 *(.lock*)

.signature
 *(.signature*)

.stab           0x00000000      0x378
 *(.stab)
 .stab          0x00000000      0x378 c:/programme/winavr-20071221/bin/../lib/gcc/avr/4.2.2/../../../../avr/lib/avr4/crtm8.o

.stabstr        0x00000000       0x5f
 *(.stabstr)
 .stabstr       0x00000000       0x5f c:/programme/winavr-20071221/bin/../lib/gcc/avr/4.2.2/../../../../avr/lib/avr4/crtm8.o

.stab.excl
 *(.stab.excl)

.stab.exclstr
 *(.stab.exclstr)

.stab.index
 *(.stab.index)

.stab.indexstr
 *(.stab.indexstr)

.comment
 *(.comment)

.debug
 *(.debug)

.line
 *(.line)

.debug_srcinfo
 *(.debug_srcinfo)

.debug_sfnames
 *(.debug_sfnames)

.debug_aranges  0x00000000       0x40
 *(.debug_aranges)
 .debug_aranges
                0x00000000       0x20 myAVR-RC5-2-EIBencoder.o
 .debug_aranges
                0x00000020       0x20 lcd.o

.debug_pubnames
                0x00000000      0x2f5
 *(.debug_pubnames)
 .debug_pubnames
                0x00000000      0x257 myAVR-RC5-2-EIBencoder.o
 .debug_pubnames
                0x00000257       0x9e lcd.o

.debug_info     0x00000000      0xb43
 *(.debug_info)
 .debug_info    0x00000000      0x730 myAVR-RC5-2-EIBencoder.o
 .debug_info    0x00000730      0x413 lcd.o
 *(.gnu.linkonce.wi.*)

.debug_abbrev   0x00000000      0x45d
 *(.debug_abbrev)
 .debug_abbrev  0x00000000      0x248 myAVR-RC5-2-EIBencoder.o
 .debug_abbrev  0x00000248      0x215 lcd.o

.debug_line     0x00000000      0x9f0
 *(.debug_line)
 .debug_line    0x00000000      0x58b myAVR-RC5-2-EIBencoder.o
 .debug_line    0x0000058b      0x465 lcd.o

.debug_frame    0x00000000      0x1c0
 *(.debug_frame)
 .debug_frame   0x00000000       0xd0 myAVR-RC5-2-EIBencoder.o
 .debug_frame   0x000000d0       0xf0 lcd.o

.debug_str      0x00000000      0x418
 *(.debug_str)
 .debug_str     0x00000000      0x30f myAVR-RC5-2-EIBencoder.o
                                0x34f (size before relaxing)
 .debug_str     0x0000030f      0x109 lcd.o
                                0x1d1 (size before relaxing)

.debug_loc      0x00000000      0x476
 *(.debug_loc)
 .debug_loc     0x00000000      0x203 myAVR-RC5-2-EIBencoder.o
 .debug_loc     0x00000203      0x273 lcd.o

.debug_macinfo
 *(.debug_macinfo)
OUTPUT(myAVR-EIBdecoder.elf elf32-avr)
LOAD linker stubs
